// Jest Snapshot v1, https://goo.gl/fbAQLP

exports[`CartItem render 1`] = `
<DocumentFragment>
  <div
    class="ant-row"
    style="margin: 5px 0px; border-bottom: 0.1px solid #eee; padding: 5px 0px;"
  >
    <div
      class="ant-col ant-col-4"
      style="padding-left: 5px; padding-right: 5px; display: flex; align-items: center;"
    >
      <button
        class="ant-btn ant-btn-default ant-btn-sm ant-btn-icon-only ant-btn-dangerous"
        type="button"
      >
        <span
          aria-label="close"
          class="anticon anticon-close"
          role="img"
        >
          <svg
            aria-hidden="true"
            data-icon="close"
            fill="currentColor"
            focusable="false"
            height="1em"
            viewBox="64 64 896 896"
            width="1em"
          >
            <path
              d="M563.8 512l262.5-312.9c4.4-5.2.7-13.1-6.1-13.1h-79.8c-4.7 0-9.2 2.1-12.3 5.7L511.6 449.8 295.1 191.7c-3-3.6-7.5-5.7-12.3-5.7H203c-6.8 0-10.5 7.9-6.1 13.1L459.4 512 196.9 824.9A7.95 7.95 0 00203 838h79.8c4.7 0 9.2-2.1 12.3-5.7l216.5-258.1 216.5 258.1c3 3.6 7.5 5.7 12.3 5.7h79.8c6.8 0 10.5-7.9 6.1-13.1L563.8 512z"
            />
          </svg>
        </span>
      </button>
    </div>
    <div
      class="ant-col ant-col-16"
      style="padding-left: 5px; padding-right: 5px; text-align: right;"
    >
      <div>
        1 X test item
      </div>
      <div>
        <div
          style="color: rgb(170, 170, 170); font-size: 12px;"
        >
          topping 1
        </div>
      </div>
      <div>
        <div
          style="color: rgb(170, 170, 170); font-size: 12px;"
        >
          size 1
        </div>
      </div>
    </div>
    <div
      class="ant-col ant-col-4"
      style="padding-left: 5px; padding-right: 5px; display: flex; align-items: center; justify-content: right;"
    >
      $10
    </div>
  </div>
</DocumentFragment>
`;
